go : [90m9:53AM[0m 
[33mDBG[0m Loaded 
config keys [36mkeys=
[0m["auth.secret_key"
,"database.conn_max_id
le_time","database.con
n_max_lifetime","datab
ase.host","database.ma
x_idle_conns","databas
e.max_open_conns","dat
abase.name","database.
password","database.po
rt","database.ssl_mode
","database.user","int
egration.resend_api_ke
y","observability.envi
ronment","observabilit
y.health_checks.checks
","observability.healt
h_checks.enabled","obs
ervability.health_chec
ks.interval","observab
ility.health_checks.ti
meout","observability.
logging.format","obser
vability.logging.level
","observability.loggi
ng.slow_query_threshol
d","observability.new_
relic.app_log_forwardi
ng_enabled","observabi
lity.new_relic.debug_l
ogging","observability
.new_relic.distributed
_tracing_enabled","obs
ervability.new_relic.l
icense_key","observabi
lity.service_name","pr
imary.env","redis.addr
ess","server.cors_allo
wed_origins","server.i
dle_timeout","server.p
ort","server.read_time
out","server.write_tim
eout"]
At line:1 char:1
+ go run .\cmd\go-RAPI
D-RIDE\main.go 2> 
error_log.txt
+ ~~~~~~~~~~~~~~~~~~~~
~~~~~~~~~~~~~~~~~~~~~~
~~~~~~~~~
    + CategoryInfo    
          : NotSpeci  
  fied: ([90m9:53A   
 M[0m...write_tim    
eout"]:String) []    
, RemoteException
    + FullyQualifiedE 
   rrorId : NativeCo  
  mmandError
 
exit status 1
