go : # github.com/sat
ya-18-w/RAPID-RIDE/ba
ckend/internal/servic
e
At line:1 char:1
+ go test -v 
./internal/service > 
test_log.txt 2>&1
+ ~~~~~~~~~~~~~~~~~~~
~~~~~~~~~~~~~~~~~~~~~
~~~~~~~~~
    + CategoryInfo   
           : NotSpe  
  cified: (# githu   
 b.com/sa...ntern    
al/service:Strin    
g) [], RemoteExc    
eption
    + FullyQualified 
   ErrorId : Native  
  CommandError
 
internal\service\ride
_test.go:8:2: no 
required module 
provides package gith
ub.com/alicebob/minir
edis/v2; to add it:
	go get github.com/al
icebob/miniredis/v2
FAIL	github.com/satya-18-w/RAPID-RIDE/backend/internal/service [setup failed]
FAIL
